Chinatown, San Francisco: total places 0, requests 0
Mission District, San Francisco: total places 0, requests 0
Inner Sunset, San Francisco: total places 0, requests 0
Excelsior, San Francisco: total places 0, requests 0
Portola, San Francisco: total places 173, requests 13
Tenderloin, San Francisco: total places 292, requests 26
Castro, San Francisco: total places 308, requests 34
Potrero Hill, San Francisco: total places 335, requests 46
Colma: total places 418, requests 58
Pacifica: total places 464, requests 71
San Mateo: total places 568, requests 83
San Carlos: total places 598, requests 92
East Palo Alto: total places 637, requests 101
Chinatown, Oakland: total places 742, requests 114
Berkeley: total places 820, requests 125
Richmond: total places 886, requests 137
Hercules: total places 902, requests 144
Castro Valley: total places 974, requests 154
Fremont: total places 1089, requests 168
Dublin: total places 1147, requests 177
Danville: total places 1207, requests 188
Orinda: total places 1217, requests 195
Martinez: total places 1257, requests 204
Brentwood: total places 1298, requests 212
Mill Valley: total places 1305, requests 218
Santa Rosa: total places 1388, requests 229
Fairfield: total places 1463, requests 240
Berryessa, San Jose: total places 1588, requests 253
Almaden, San Jose: total places 1648, requests 264
Cupertino: total places 1746, requests 278
Mountain View: total places 1794, requests 288
Milpitas: total places 1833, requests 298
Los Gatos: total places 1854, requests 308
DONE 1854
