SoMa, San Francisco: total places 0, requests 0
Outer Richmond, San Francisco: total places 0, requests 0
Parkside, San Francisco: total places 0, requests 0
Bayview, San Francisco: total places 179, requests 11
Nob Hill, San Francisco: total places 273, requests 24
Noe Valley, San Francisco: total places 295, requests 32
Western Addition, San Francisco: total places 343, requests 45
Daly City: total places 445, requests 57
San Bruno: total places 526, requests 71
Burlingame: total places 585, requests 82
Belmont: total places 632, requests 93
Menlo Park: total places 678, requests 102
Half Moon Bay: total places 695, requests 110
Alameda: total places 801, requests 123
El Cerrito: total places 833, requests 130
Pinole: total places 880, requests 139
San Leandro: total places 967, requests 151
Union City: total places 1035, requests 161
Pleasanton: total places 1116, requests 171
San Ramon: total places 1144, requests 180
Lafayette: total places 1191, requests 189
Pleasant Hill: total places 1224, requests 200
Pittsburg: total places 1255, requests 208
Novato: total places 1297, requests 215
Petaluma: total places 1330, requests 223
Vallejo: total places 1376, requests 232
Downtown San Jose: total places 1500, requests 246
West San Jose: total places 1575, requests 261
North San Jose: total places 1636, requests 275
Santa Clara: total places 1724, requests 288
Los Altos: total places 1745, requests 297
Saratoga: total places 1755, requests 305
Gilroy: total places 1785, requests 315
DONE 1785
