Financial District, San Francisco: total places 555, requests 0
Inner Richmond, San Francisco: total places 555, requests 0
Outer Sunset, San Francisco: total places 555, requests 0
Visitacion Valley, San Francisco: total places 555, requests 0
Ingleside, San Francisco: total places 555, requests 0
Marina District, San Francisco: total places 555, requests 0
Haight-Ashbury, San Francisco: total places 555, requests 0
North Beach, San Francisco: total places 555, requests 0
South San Francisco: total places 555, requests 0
Millbrae: total places 555, requests 0
Foster City: total places 555, requests 0
Redwood City: total places 555, requests 0
Brisbane: total places 555, requests 0
Oakland: total places 688, requests 13
Albany: total places 724, requests 21
San Pablo: total places 773, requests 32
Emeryville: total places 781, requests 39
Hayward: total places 891, requests 52
Newark: total places 959, requests 62
Livermore: total places 1027, requests 72
Walnut Creek: total places 1091, requests 82
Concord: total places 1149, requests 92
Antioch: total places 1182, requests 101
San Rafael: total places 1231, requests 110
Corte Madera: total places 1248, requests 118
Napa: total places 1278, requests 127
Benicia: total places 1305, requests 134
Evergreen, San Jose: total places 1400, requests 145
Blossom Valley, San Jose: total places 1462, requests 157
Sunnyvale: total places 1561, requests 171
Palo Alto: total places 1595, requests 181
Campbell: total places 1645, requests 193
Morgan Hill: total places 1682, requests 203
DONE 1682
